===== ANALYST ling3 2026-09-03 16:33:58 UTC =====
[91m[1mError: [0m{
  "name": "UnknownError",
  "data": {
    "message": "Unexpected server error. Check server logs for details.",
    "ref": "err_caff6bbf"
  }
}
===== ANALYST ling3 2026-09-03 19:30:16 UTC =====
[91m[1mError: [0m{
  "name": "UnknownError",
  "data": {
    "message": "Unexpected server error. Check server logs for details.",
    "ref": "err_c9006d27"
  }
}
===== ANALYST ling3 2026-09-03 21:57:32 UTC =====
[91m[1mError: [0m{
  "name": "UnknownError",
  "data": {
    "message": "Unexpected server error. Check server logs for details.",
    "ref": "err_77243992"
  }
}
