===== ANALYST longcat 2026-09-03 16:33:58 UTC =====
[91m[1mError: [0m{
  "name": "UnknownError",
  "data": {
    "message": "Unexpected server error. Check server logs for details.",
    "ref": "err_3b9acd79"
  }
}
===== ANALYST longcat 2026-09-03 19:30:16 UTC =====
[91m[1mError: [0m{
  "name": "UnknownError",
  "data": {
    "message": "Unexpected server error. Check server logs for details.",
    "ref": "err_fa1b8438"
  }
}
===== ANALYST longcat 2026-09-03 21:57:32 UTC =====
[91m[1mError: [0m{
  "name": "UnknownError",
  "data": {
    "message": "Unexpected server error. Check server logs for details.",
    "ref": "err_7d508a93"
  }
}
===== ANALYST longcat 2026-09-03 23:51:14 UTC =====
[91m[1mError: [0m{
  "name": "UnknownError",
  "data": {
    "message": "Unexpected server error. Check server logs for details.",
    "ref": "err_29485f83"
  }
}
===== ANALYST longcat 2026-09-04 02:38:02 UTC =====
[91m[1mError: [0m{
  "name": "UnknownError",
  "data": {
    "message": "Unexpected server error. Check server logs for details.",
    "ref": "err_ab05f953"
  }
}
===== ANALYST longcat 2026-09-04 07:28:45 UTC =====
[91m[1mError: [0m{
  "name": "UnknownError",
  "data": {
    "message": "Unexpected server error. Check server logs for details.",
    "ref": "err_f931fd1d"
  }
}
===== ANALYST longcat 2026-09-04 12:20:53 UTC =====
[91m[1mError: [0m{
  "name": "UnknownError",
  "data": {
    "message": "Unexpected server error. Check server logs for details.",
    "ref": "err_9b368420"
  }
}
===== ANALYST longcat 2026-09-04 16:37:23 UTC =====
[91m[1mError: [0m{
  "name": "UnknownError",
  "data": {
    "message": "Unexpected server error. Check server logs for details.",
    "ref": "err_b456f2cd"
  }
}
===== ANALYST longcat 2026-09-04 19:13:22 UTC =====
[91m[1mError: [0m{
  "name": "UnknownError",
  "data": {
    "message": "Unexpected server error. Check server logs for details.",
    "ref": "err_32e39686"
  }
}
===== ANALYST longcat 2026-09-04 21:38:33 UTC =====
[91m[1mError: [0m{
  "name": "UnknownError",
  "data": {
    "message": "Unexpected server error. Check server logs for details.",
    "ref": "err_7e591152"
  }
}
===== ANALYST longcat 2026-09-04 23:23:03 UTC =====
[91m[1mError: [0m{
  "name": "UnknownError",
  "data": {
    "message": "Unexpected server error. Check server logs for details.",
    "ref": "err_612959a6"
  }
}
===== ANALYST longcat 2026-09-05 01:11:22 UTC =====
[91m[1mError: [0m{
  "name": "UnknownError",
  "data": {
    "message": "Unexpected server error. Check server logs for details.",
    "ref": "err_4ed42d62"
  }
}
===== ANALYST longcat 2026-09-05 05:50:38 UTC =====
[91m[1mError: [0m{
  "name": "UnknownError",
  "data": {
    "message": "Unexpected server error. Check server logs for details.",
    "ref": "err_17a2af2d"
  }
}
===== ANALYST longcat 2026-09-05 09:58:15 UTC =====
[91m[1mError: [0m{
  "name": "UnknownError",
  "data": {
    "message": "Unexpected server error. Check server logs for details.",
    "ref": "err_ec00a3d4"
  }
}
===== ANALYST longcat 2026-09-05 13:21:01 UTC =====
[91m[1mError: [0m{
  "name": "UnknownError",
  "data": {
    "message": "Unexpected server error. Check server logs for details.",
    "ref": "err_68d5ae0f"
  }
}
===== ANALYST longcat 2026-09-05 16:14:01 UTC =====
[91m[1mError: [0m{
  "name": "UnknownError",
  "data": {
    "message": "Unexpected server error. Check server logs for details.",
    "ref": "err_cf80ce96"
  }
}
===== ANALYST longcat 2026-09-05 18:36:35 UTC =====
[91m[1mError: [0m{
  "name": "UnknownError",
  "data": {
    "message": "Unexpected server error. Check server logs for details.",
    "ref": "err_e36a7b01"
  }
}
===== ANALYST longcat 2026-09-05 20:50:19 UTC =====
[91m[1mError: [0m{
  "name": "UnknownError",
  "data": {
    "message": "Unexpected server error. Check server logs for details.",
    "ref": "err_72f64cef"
  }
}
===== ANALYST longcat 2026-09-05 22:40:58 UTC =====
[91m[1mError: [0m{
  "name": "UnknownError",
  "data": {
    "message": "Unexpected server error. Check server logs for details.",
    "ref": "err_25e7788b"
  }
}
===== ANALYST longcat 2026-09-06 00:26:06 UTC =====
[91m[1mError: [0m{
  "name": "UnknownError",
  "data": {
    "message": "Unexpected server error. Check server logs for details.",
    "ref": "err_10d6de91"
  }
}
===== ANALYST longcat 2026-09-06 04:47:14 UTC =====
[91m[1mError: [0m{
  "name": "UnknownError",
  "data": {
    "message": "Unexpected server error. Check server logs for details.",
    "ref": "err_f0d7b2c9"
  }
}
===== ANALYST longcat 2026-09-06 09:14:36 UTC =====
[91m[1mError: [0m{
  "name": "UnknownError",
  "data": {
    "message": "Unexpected server error. Check server logs for details.",
    "ref": "err_38fec35f"
  }
}
===== ANALYST longcat 2026-09-06 13:00:07 UTC =====
[91m[1mError: [0m{
  "name": "UnknownError",
  "data": {
    "message": "Unexpected server error. Check server logs for details.",
    "ref": "err_91f373a4"
  }
}
===== ANALYST longcat 2026-09-06 16:03:24 UTC =====
[91m[1mError: [0m{
  "name": "UnknownError",
  "data": {
    "message": "Unexpected server error. Check server logs for details.",
    "ref": "err_3486f55e"
  }
}
===== ANALYST longcat 2026-09-06 18:10:30 UTC =====
[91m[1mError: [0m{
  "name": "UnknownError",
  "data": {
    "message": "Unexpected server error. Check server logs for details.",
    "ref": "err_0c42d681"
  }
}
===== ANALYST longcat 2026-09-06 20:35:01 UTC =====
[91m[1mError: [0m{
  "name": "UnknownError",
  "data": {
    "message": "Unexpected server error. Check server logs for details.",
    "ref": "err_9b1a6083"
  }
}
===== ANALYST longcat 2026-09-06 22:21:35 UTC =====
[91m[1mError: [0m{
  "name": "UnknownError",
  "data": {
    "message": "Unexpected server error. Check server logs for details.",
    "ref": "err_ee34cd01"
  }
}
===== ANALYST longcat 2026-09-07 00:03:16 UTC =====
[91m[1mError: [0m{
  "name": "UnknownError",
  "data": {
    "message": "Unexpected server error. Check server logs for details.",
    "ref": "err_d7fc5790"
  }
}
===== ANALYST longcat 2026-09-07 04:51:46 UTC =====
[91m[1mError: [0m{
  "name": "UnknownError",
  "data": {
    "message": "Unexpected server error. Check server logs for details.",
    "ref": "err_f0e60753"
  }
}
===== ANALYST longcat 2026-09-07 09:57:14 UTC =====
[91m[1mError: [0m{
  "name": "UnknownError",
  "data": {
    "message": "Unexpected server error. Check server logs for details.",
    "ref": "err_08735e3f"
  }
}
===== ANALYST longcat 2026-09-07 15:35:24 UTC =====
[91m[1mError: [0m{
  "name": "UnknownError",
  "data": {
    "message": "Unexpected server error. Check server logs for details.",
    "ref": "err_972237e6"
  }
}
===== ANALYST longcat 2026-09-07 19:26:52 UTC =====
[91m[1mError: [0m{
  "name": "UnknownError",
  "data": {
    "message": "Unexpected server error. Check server logs for details.",
    "ref": "err_ed59f9b4"
  }
}
===== ANALYST longcat 2026-09-07 22:19:24 UTC =====
[91m[1mError: [0m{
  "name": "UnknownError",
  "data": {
    "message": "Unexpected server error. Check server logs for details.",
    "ref": "err_f7ace1c2"
  }
}
===== ANALYST longcat 2026-09-08 00:31:55 UTC =====
[91m[1mError: [0m{
  "name": "UnknownError",
  "data": {
    "message": "Unexpected server error. Check server logs for details.",
    "ref": "err_1b622173"
  }
}
===== ANALYST longcat 2026-09-08 05:17:07 UTC =====
[91m[1mError: [0m{
  "name": "UnknownError",
  "data": {
    "message": "Unexpected server error. Check server logs for details.",
    "ref": "err_1642fd0b"
  }
}
===== ANALYST longcat 2026-09-08 09:50:34 UTC =====
[91m[1mError: [0m{
  "name": "UnknownError",
  "data": {
    "message": "Unexpected server error. Check server logs for details.",
    "ref": "err_19a4731e"
  }
}
===== ANALYST longcat 2026-09-08 14:12:34 UTC =====
[91m[1mError: [0m{
  "name": "UnknownError",
  "data": {
    "message": "Unexpected server error. Check server logs for details.",
    "ref": "err_012966cb"
  }
}
===== ANALYST longcat 2026-09-08 18:00:34 UTC =====
[91m[1mError: [0m{
  "name": "UnknownError",
  "data": {
    "message": "Unexpected server error. Check server logs for details.",
    "ref": "err_69433e1d"
  }
}
===== ANALYST longcat 2026-09-08 20:53:03 UTC =====
[91m[1mError: [0m{
  "name": "UnknownError",
  "data": {
    "message": "Unexpected server error. Check server logs for details.",
    "ref": "err_6212c54f"
  }
}
===== ANALYST longcat 2026-09-08 23:11:52 UTC =====
[91m[1mError: [0m{
  "name": "UnknownError",
  "data": {
    "message": "Unexpected server error. Check server logs for details.",
    "ref": "err_b071449f"
  }
}
===== ANALYST longcat 2026-09-09 01:17:55 UTC =====
[91m[1mError: [0m{
  "name": "UnknownError",
  "data": {
    "message": "Unexpected server error. Check server logs for details.",
    "ref": "err_80fe589b"
  }
}
===== ANALYST longcat 2026-09-09 06:11:30 UTC =====
[91m[1mError: [0m{
  "name": "UnknownError",
  "data": {
    "message": "Unexpected server error. Check server logs for details.",
    "ref": "err_3d7410ee"
  }
}
===== ANALYST longcat 2026-09-09 11:38:22 UTC =====
[91m[1mError: [0m{
  "name": "UnknownError",
  "data": {
    "message": "Unexpected server error. Check server logs for details.",
    "ref": "err_5d1c3519"
  }
}
===== ANALYST longcat 2026-09-09 15:31:26 UTC =====
[91m[1mError: [0m{
  "name": "UnknownError",
  "data": {
    "message": "Unexpected server error. Check server logs for details.",
    "ref": "err_be2b142d"
  }
}
===== ANALYST longcat 2026-09-09 18:45:45 UTC =====
[91m[1mError: [0m{
  "name": "UnknownError",
  "data": {
    "message": "Unexpected server error. Check server logs for details.",
    "ref": "err_fda93cd1"
  }
}
===== ANALYST longcat 2026-09-09 21:30:47 UTC =====
[91m[1mError: [0m{
  "name": "UnknownError",
  "data": {
    "message": "Unexpected server error. Check server logs for details.",
    "ref": "err_d460a2c5"
  }
}
===== ANALYST longcat 2026-09-09 23:33:05 UTC =====
[91m[1mError: [0m{
  "name": "UnknownError",
  "data": {
    "message": "Unexpected server error. Check server logs for details.",
    "ref": "err_07d8ff7d"
  }
}
===== ANALYST longcat 2026-09-10 01:30:04 UTC =====
[91m[1mError: [0m{
  "name": "UnknownError",
  "data": {
    "message": "Unexpected server error. Check server logs for details.",
    "ref": "err_6de83205"
  }
}
===== ANALYST longcat 2026-09-10 06:41:59 UTC =====
[91m[1mError: [0m{
  "name": "UnknownError",
  "data": {
    "message": "Unexpected server error. Check server logs for details.",
    "ref": "err_5d36dc15"
  }
}
===== ANALYST longcat 2026-09-10 12:01:12 UTC =====
[91m[1mError: [0m{
  "name": "UnknownError",
  "data": {
    "message": "Unexpected server error. Check server logs for details.",
    "ref": "err_739b00db"
  }
}
===== ANALYST longcat 2026-09-10 15:56:44 UTC =====
[91m[1mError: [0m{
  "name": "UnknownError",
  "data": {
    "message": "Unexpected server error. Check server logs for details.",
    "ref": "err_fc991fc1"
  }
}
===== ANALYST longcat 2026-09-10 18:59:04 UTC =====
[91m[1mError: [0m{
  "name": "UnknownError",
  "data": {
    "message": "Unexpected server error. Check server logs for details.",
    "ref": "err_953e1e39"
  }
}
===== ANALYST longcat 2026-09-10 21:26:48 UTC =====
[91m[1mError: [0m{
  "name": "UnknownError",
  "data": {
    "message": "Unexpected server error. Check server logs for details.",
    "ref": "err_b5b202ef"
  }
}
===== ANALYST longcat 2026-09-10 23:18:21 UTC =====
[91m[1mError: [0m{
  "name": "UnknownError",
  "data": {
    "message": "Unexpected server error. Check server logs for details.",
    "ref": "err_63406403"
  }
}
===== ANALYST longcat 2026-09-11 01:14:09 UTC =====
[91m[1mError: [0m{
  "name": "UnknownError",
  "data": {
    "message": "Unexpected server error. Check server logs for details.",
    "ref": "err_0ecd006c"
  }
}
===== ANALYST longcat 2026-09-11 06:06:20 UTC =====
[91m[1mError: [0m{
  "name": "UnknownError",
  "data": {
    "message": "Unexpected server error. Check server logs for details.",
    "ref": "err_a597b31d"
  }
}
===== ANALYST longcat 2026-09-11 11:34:41 UTC =====
[91m[1mError: [0m{
  "name": "UnknownError",
  "data": {
    "message": "Unexpected server error. Check server logs for details.",
    "ref": "err_717daaf9"
  }
}
===== ANALYST longcat 2026-09-11 15:17:47 UTC =====
[91m[1mError: [0m{
  "name": "UnknownError",
  "data": {
    "message": "Unexpected server error. Check server logs for details.",
    "ref": "err_252fb379"
  }
}
===== ANALYST longcat 2026-09-11 18:43:04 UTC =====
[91m[1mError: [0m{
  "name": "UnknownError",
  "data": {
    "message": "Unexpected server error. Check server logs for details.",
    "ref": "err_1ddb26bc"
  }
}
===== ANALYST longcat 2026-09-11 21:23:54 UTC =====
[91m[1mError: [0m{
  "name": "UnknownError",
  "data": {
    "message": "Unexpected server error. Check server logs for details.",
    "ref": "err_8c5842f1"
  }
}
===== ANALYST longcat 2026-09-11 23:20:40 UTC =====
[91m[1mError: [0m{
  "name": "UnknownError",
  "data": {
    "message": "Unexpected server error. Check server logs for details.",
    "ref": "err_e1eb73a1"
  }
}
===== ANALYST longcat 2026-09-12 01:17:23 UTC =====
[91m[1mError: [0m{
  "name": "UnknownError",
  "data": {
    "message": "Unexpected server error. Check server logs for details.",
    "ref": "err_fc91f090"
  }
}
