===== ANALYST laguna 2026-09-03 16:33:58 UTC =====
[91m[1mError: [0m{
  "name": "UnknownError",
  "data": {
    "message": "Unexpected server error. Check server logs for details.",
    "ref": "err_a34d8057"
  }
}
===== ANALYST laguna 2026-09-03 19:30:16 UTC =====
[91m[1mError: [0m{
  "name": "UnknownError",
  "data": {
    "message": "Unexpected server error. Check server logs for details.",
    "ref": "err_4594fea8"
  }
}
===== ANALYST laguna 2026-09-03 21:57:32 UTC =====
[91m[1mError: [0m{
  "name": "UnknownError",
  "data": {
    "message": "Unexpected server error. Check server logs for details.",
    "ref": "err_9cd078e2"
  }
}
===== ANALYST laguna 2026-09-03 23:51:14 UTC =====
[91m[1mError: [0m{
  "name": "UnknownError",
  "data": {
    "message": "Unexpected server error. Check server logs for details.",
    "ref": "err_bb9e1716"
  }
}
===== ANALYST laguna 2026-09-04 02:38:02 UTC =====
[91m[1mError: [0m{
  "name": "UnknownError",
  "data": {
    "message": "Unexpected server error. Check server logs for details.",
    "ref": "err_a0f7baf8"
  }
}
===== ANALYST laguna 2026-09-04 07:28:45 UTC =====
[91m[1mError: [0m{
  "name": "UnknownError",
  "data": {
    "message": "Unexpected server error. Check server logs for details.",
    "ref": "err_6cb301c3"
  }
}
===== ANALYST laguna 2026-09-04 12:20:53 UTC =====
[91m[1mError: [0m{
  "name": "UnknownError",
  "data": {
    "message": "Unexpected server error. Check server logs for details.",
    "ref": "err_599ddea0"
  }
}
===== ANALYST laguna 2026-09-04 16:37:23 UTC =====
[91m[1mError: [0m{
  "name": "UnknownError",
  "data": {
    "message": "Unexpected server error. Check server logs for details.",
    "ref": "err_52a4b39a"
  }
}
===== ANALYST laguna 2026-09-04 19:13:22 UTC =====
[91m[1mError: [0m{
  "name": "UnknownError",
  "data": {
    "message": "Unexpected server error. Check server logs for details.",
    "ref": "err_f55a00f2"
  }
}
===== ANALYST laguna 2026-09-04 21:38:33 UTC =====
[91m[1mError: [0m{
  "name": "UnknownError",
  "data": {
    "message": "Unexpected server error. Check server logs for details.",
    "ref": "err_06f5f904"
  }
}
===== ANALYST laguna 2026-09-04 23:23:03 UTC =====
[91m[1mError: [0m{
  "name": "UnknownError",
  "data": {
    "message": "Unexpected server error. Check server logs for details.",
    "ref": "err_0f31aa11"
  }
}
===== ANALYST laguna 2026-09-05 01:11:22 UTC =====
[91m[1mError: [0m{
  "name": "UnknownError",
  "data": {
    "message": "Unexpected server error. Check server logs for details.",
    "ref": "err_b8ba4fdc"
  }
}
===== ANALYST laguna 2026-09-05 05:50:38 UTC =====
[91m[1mError: [0m{
  "name": "UnknownError",
  "data": {
    "message": "Unexpected server error. Check server logs for details.",
    "ref": "err_03961645"
  }
}
===== ANALYST laguna 2026-09-05 09:58:15 UTC =====
[91m[1mError: [0m{
  "name": "UnknownError",
  "data": {
    "message": "Unexpected server error. Check server logs for details.",
    "ref": "err_59d511b8"
  }
}
===== ANALYST laguna 2026-09-05 13:21:01 UTC =====
[91m[1mError: [0m{
  "name": "UnknownError",
  "data": {
    "message": "Unexpected server error. Check server logs for details.",
    "ref": "err_7a44265c"
  }
}
===== ANALYST laguna 2026-09-05 16:14:01 UTC =====
[91m[1mError: [0m{
  "name": "UnknownError",
  "data": {
    "message": "Unexpected server error. Check server logs for details.",
    "ref": "err_6ffd0f24"
  }
}
===== ANALYST laguna 2026-09-05 18:36:35 UTC =====
[91m[1mError: [0m{
  "name": "UnknownError",
  "data": {
    "message": "Unexpected server error. Check server logs for details.",
    "ref": "err_0116c7cf"
  }
}
===== ANALYST laguna 2026-09-05 20:50:19 UTC =====
[91m[1mError: [0m{
  "name": "UnknownError",
  "data": {
    "message": "Unexpected server error. Check server logs for details.",
    "ref": "err_0ef1b2d5"
  }
}
